1 + 3 = 4
4 - 3 = 1
5 = 5
5 = 5
1 + 3 = 4
4 - 3 = 1
5 = 5
5 = 5
1 + 3 = 4
4 - 3 = 1
5 = 5
5 = 5
1 + 3 = 4
4 - 3 = 1
5 = 5
5 = 5
1 + 3 = 4
4 - 3 = 1
5 = 5
5 = 5
1 + 3 = 4
4 - 3 = 1
5 = 5
5 = 5
1 + 3 = 4
4 - 3 = 1
5 = 5
5 = 5
1 + 3 = 4
4 - 3 = 1
5 = 5
5 = 5