ifMethod: good1!
ifMethod: good2!
ifElseMethod: good1!
ifElseMethod: good2!
ifElseMethod: good3!
ifElseMethod: good4!
whileMethod: good1!
whileMethod: good2!
whileMethod: good2!
whileMethod: good1!
whileMethod: good2!
whileMethod: good2!
forMethod: good1!
forMethod: good2!
forMethod: good2!
forMethod: good1!
forMethod: good2!
forMethod: good2!