10 % 9 = 1
7 + 8 = 15
6 - 5 = 1
4 * 3 = 12
2 / 1 = 2
(true == true) = 1
(true == false) = 0
(false == false) = 1
(true != true) = 0
(true != false) = 1
(false != false) = 0
(0 < 1) = 1
(1 < 1) = 0
(1 > 0) = 1
(1 > 1) = 0
(1 <= 0) = 0
(1 <= 1) = 1
(0 <= 1) = 1
(0 >= 1) = 0
(1 >= 1) = 1
(0 >= 1) = 0
(true && true) = 1
(true && false) = 0
(false && false) = 0
(true || true) = 1
(true || false) = 1
(false || false) = 0
--1 = 1
!!true = true
1 + 5 * 3 % 4 = 4
1 + 5 * (3 % 4) = 16
1 - 6 / 2 % 3 = 1
1 - 6 / (2 % 3) = -2