sizeof bool = 1
sizeof int = 8
sizeof arrayInt = 80
sizeof boolInt = 10
sizeof arrayInt[2] = 8
sizeof arrayBool[2] = 1
sizeof varInt = 8
sizeof varBool = 1